#R r1 5 5 10 10
OK
#R r2 7 7 20 20
OK
#OI r1int2 r1 r2
OK
#MOVE r1int2 10 10
OK
#MOVE r1int2 10 10
OK
#MOVE r1int2 10 10
OK
#UNDO
OK
#UNDO
OK
#UNDO
OK
#HIT r1int2 8 9
YES
#REDO
OK
#REDO
OK
#REDO
OK
#HIT r1int2 8 9
NO
#HIT r1int2 8 6
NO
#HIT r1int2 8 12
NO
#EXIT
