OK
OK
OK
OI i1
{
S s1 56 46 108 4536
PC pc1 56 46 108 4536 80 100
}
PC pc1 56 46 108 4536 80 100
S s1 56 46 108 4536
