OK
OK
OK
OK
OK
OK
OK
OK
OK
OK
OK
S s1 15 14 20 24 
S s10 158 14 20 24 
S s11 157 14 20 24 
S s2 16 14 20 24 
S s3 18 14 20 24 
S s4 17 14 20 24 
S s5 15 14 20 24 
S s6 110 14 20 24 
S s7 151 14 20 24 
S s8 155 14 20 24 
S s9 156 14 20 24 
OK
S s1 15 14 20 24 
S s10 158 14 20 24 
S s11 157 14 20 24 
S s2 16 14 20 24 
S s3 18 14 20 24 
S s4 17 14 20 24 
S s5 15 14 20 24 
S s6 110 14 20 24 
S s7 151 14 20 24 
S s8 155 14 20 24 
S s9 156 14 20 24 
OK
OK
S s1 155 141 201 242 
OK
S s1 15 14 20 24 
S s10 158 14 20 24 
S s11 157 14 20 24 
S s2 16 14 20 24 
S s3 18 14 20 24 
S s4 17 14 20 24 
S s5 15 14 20 24 
S s6 110 14 20 24 
S s7 151 14 20 24 
S s8 155 14 20 24 
S s9 156 14 20 24 
