OK
R r1 56 46 108 4536
OK
R r1 66 56 118 4546
OK
R r1 56 46 108 4536
OK
R r1 66 56 118 4546
